[31m[Nest] 14520  - [39m06/12/2026, 6:41:16 AM [31m  ERROR[39m [38;5;3m[TypeOrmModule] [39m[31mUnable to connect to the database. Retrying (1)...[39m
error: database "academix" does not exist
    at parseErrorMessage (D:\Projects\academix\academix-backend\node_modules\pg-protocol\dist\parser.js:305:11)
    at Parser.handlePacket (D:\Projects\academix\academix-backend\node_modules\pg-protocol\dist\parser.js:143:27)
    at Parser.parse (D:\Projects\academix\academix-backend\node_modules\pg-protocol\dist\parser.js:37:38)
    at Socket.<anonymous> (D:\Projects\academix\academix-backend\node_modules\pg-protocol\dist\index.js:11:42)
    at Socket.emit (node:events:509:28)
    at addChunk (node:internal/streams/readable:563:12)
    at readableAddChunkPushByteMode (node:internal/streams/readable:514:3)
    at Readable.push (node:internal/streams/readable:394:5)
    at TCP.onStreamRead (node:internal/stream_base_commons:189:23)
[31m[Nest] 14520  - [39m06/12/2026, 6:41:19 AM [31m  ERROR[39m [38;5;3m[TypeOrmModule] [39m[31mUnable to connect to the database. Retrying (2)...[39m
error: database "academix" does not exist
    at parseErrorMessage (D:\Projects\academix\academix-backend\node_modules\pg-protocol\dist\parser.js:305:11)
    at Parser.handlePacket (D:\Projects\academix\academix-backend\node_modules\pg-protocol\dist\parser.js:143:27)
    at Parser.parse (D:\Projects\academix\academix-backend\node_modules\pg-protocol\dist\parser.js:37:38)
    at Socket.<anonymous> (D:\Projects\academix\academix-backend\node_modules\pg-protocol\dist\index.js:11:42)
    at Socket.emit (node:events:509:28)
    at addChunk (node:internal/streams/readable:563:12)
    at readableAddChunkPushByteMode (node:internal/streams/readable:514:3)
    at Readable.push (node:internal/streams/readable:394:5)
    at TCP.onStreamRead (node:internal/stream_base_commons:189:23)
[31m[Nest] 14520  - [39m06/12/2026, 6:41:22 AM [31m  ERROR[39m [38;5;3m[TypeOrmModule] [39m[31mUnable to connect to the database. Retrying (3)...[39m
error: database "academix" does not exist
    at parseErrorMessage (D:\Projects\academix\academix-backend\node_modules\pg-protocol\dist\parser.js:305:11)
    at Parser.handlePacket (D:\Projects\academix\academix-backend\node_modules\pg-protocol\dist\parser.js:143:27)
    at Parser.parse (D:\Projects\academix\academix-backend\node_modules\pg-protocol\dist\parser.js:37:38)
    at Socket.<anonymous> (D:\Projects\academix\academix-backend\node_modules\pg-protocol\dist\index.js:11:42)
    at Socket.emit (node:events:509:28)
    at addChunk (node:internal/streams/readable:563:12)
    at readableAddChunkPushByteMode (node:internal/streams/readable:514:3)
    at Readable.push (node:internal/streams/readable:394:5)
    at TCP.onStreamRead (node:internal/stream_base_commons:189:23)
[31m[Nest] 14520  - [39m06/12/2026, 6:41:25 AM [31m  ERROR[39m [38;5;3m[TypeOrmModule] [39m[31mUnable to connect to the database. Retrying (4)...[39m
error: database "academix" does not exist
    at parseErrorMessage (D:\Projects\academix\academix-backend\node_modules\pg-protocol\dist\parser.js:305:11)
    at Parser.handlePacket (D:\Projects\academix\academix-backend\node_modules\pg-protocol\dist\parser.js:143:27)
    at Parser.parse (D:\Projects\academix\academix-backend\node_modules\pg-protocol\dist\parser.js:37:38)
    at Socket.<anonymous> (D:\Projects\academix\academix-backend\node_modules\pg-protocol\dist\index.js:11:42)
    at Socket.emit (node:events:509:28)
    at addChunk (node:internal/streams/readable:563:12)
    at readableAddChunkPushByteMode (node:internal/streams/readable:514:3)
    at Readable.push (node:internal/streams/readable:394:5)
    at TCP.onStreamRead (node:internal/stream_base_commons:189:23)
[31m[Nest] 14520  - [39m06/12/2026, 6:41:28 AM [31m  ERROR[39m [38;5;3m[TypeOrmModule] [39m[31mUnable to connect to the database. Retrying (5)...[39m
error: database "academix" does not exist
    at parseErrorMessage (D:\Projects\academix\academix-backend\node_modules\pg-protocol\dist\parser.js:305:11)
    at Parser.handlePacket (D:\Projects\academix\academix-backend\node_modules\pg-protocol\dist\parser.js:143:27)
    at Parser.parse (D:\Projects\academix\academix-backend\node_modules\pg-protocol\dist\parser.js:37:38)
    at Socket.<anonymous> (D:\Projects\academix\academix-backend\node_modules\pg-protocol\dist\index.js:11:42)
    at Socket.emit (node:events:509:28)
    at addChunk (node:internal/streams/readable:563:12)
    at readableAddChunkPushByteMode (node:internal/streams/readable:514:3)
    at Readable.push (node:internal/streams/readable:394:5)
    at TCP.onStreamRead (node:internal/stream_base_commons:189:23)
[31m[Nest] 14520  - [39m06/12/2026, 6:41:31 AM [31m  ERROR[39m [38;5;3m[TypeOrmModule] [39m[31mUnable to connect to the database. Retrying (6)...[39m
error: database "academix" does not exist
    at parseErrorMessage (D:\Projects\academix\academix-backend\node_modules\pg-protocol\dist\parser.js:305:11)
    at Parser.handlePacket (D:\Projects\academix\academix-backend\node_modules\pg-protocol\dist\parser.js:143:27)
    at Parser.parse (D:\Projects\academix\academix-backend\node_modules\pg-protocol\dist\parser.js:37:38)
    at Socket.<anonymous> (D:\Projects\academix\academix-backend\node_modules\pg-protocol\dist\index.js:11:42)
    at Socket.emit (node:events:509:28)
    at addChunk (node:internal/streams/readable:563:12)
    at readableAddChunkPushByteMode (node:internal/streams/readable:514:3)
    at Readable.push (node:internal/streams/readable:394:5)
    at TCP.onStreamRead (node:internal/stream_base_commons:189:23)
[31m[Nest] 14520  - [39m06/12/2026, 6:41:34 AM [31m  ERROR[39m [38;5;3m[TypeOrmModule] [39m[31mUnable to connect to the database. Retrying (7)...[39m
error: database "academix" does not exist
    at parseErrorMessage (D:\Projects\academix\academix-backend\node_modules\pg-protocol\dist\parser.js:305:11)
    at Parser.handlePacket (D:\Projects\academix\academix-backend\node_modules\pg-protocol\dist\parser.js:143:27)
    at Parser.parse (D:\Projects\academix\academix-backend\node_modules\pg-protocol\dist\parser.js:37:38)
    at Socket.<anonymous> (D:\Projects\academix\academix-backend\node_modules\pg-protocol\dist\index.js:11:42)
    at Socket.emit (node:events:509:28)
    at addChunk (node:internal/streams/readable:563:12)
    at readableAddChunkPushByteMode (node:internal/streams/readable:514:3)
    at Readable.push (node:internal/streams/readable:394:5)
    at TCP.onStreamRead (node:internal/stream_base_commons:189:23)
[31m[Nest] 14520  - [39m06/12/2026, 6:41:37 AM [31m  ERROR[39m [38;5;3m[TypeOrmModule] [39m[31mUnable to connect to the database. Retrying (8)...[39m
error: database "academix" does not exist
    at parseErrorMessage (D:\Projects\academix\academix-backend\node_modules\pg-protocol\dist\parser.js:305:11)
    at Parser.handlePacket (D:\Projects\academix\academix-backend\node_modules\pg-protocol\dist\parser.js:143:27)
    at Parser.parse (D:\Projects\academix\academix-backend\node_modules\pg-protocol\dist\parser.js:37:38)
    at Socket.<anonymous> (D:\Projects\academix\academix-backend\node_modules\pg-protocol\dist\index.js:11:42)
    at Socket.emit (node:events:509:28)
    at addChunk (node:internal/streams/readable:563:12)
    at readableAddChunkPushByteMode (node:internal/streams/readable:514:3)
    at Readable.push (node:internal/streams/readable:394:5)
    at TCP.onStreamRead (node:internal/stream_base_commons:189:23)
[31m[Nest] 14520  - [39m06/12/2026, 6:41:40 AM [31m  ERROR[39m [38;5;3m[TypeOrmModule] [39m[31mUnable to connect to the database. Retrying (9)...[39m
error: database "academix" does not exist
    at parseErrorMessage (D:\Projects\academix\academix-backend\node_modules\pg-protocol\dist\parser.js:305:11)
    at Parser.handlePacket (D:\Projects\academix\academix-backend\node_modules\pg-protocol\dist\parser.js:143:27)
    at Parser.parse (D:\Projects\academix\academix-backend\node_modules\pg-protocol\dist\parser.js:37:38)
    at Socket.<anonymous> (D:\Projects\academix\academix-backend\node_modules\pg-protocol\dist\index.js:11:42)
    at Socket.emit (node:events:509:28)
    at addChunk (node:internal/streams/readable:563:12)
    at readableAddChunkPushByteMode (node:internal/streams/readable:514:3)
    at Readable.push (node:internal/streams/readable:394:5)
    at TCP.onStreamRead (node:internal/stream_base_commons:189:23)
[31m[Nest] 14520  - [39m06/12/2026, 6:41:40 AM [31m  ERROR[39m [38;5;3m[ExceptionHandler] [39merror: database "academix" does not exist
    at parseErrorMessage [90m(D:\Projects\academix\academix-backend\[39mnode_modules\[4mpg-protocol[24m\dist\parser.js:305:11[90m)[39m
    at Parser.handlePacket [90m(D:\Projects\academix\academix-backend\[39mnode_modules\[4mpg-protocol[24m\dist\parser.js:143:27[90m)[39m
    at Parser.parse [90m(D:\Projects\academix\academix-backend\[39mnode_modules\[4mpg-protocol[24m\dist\parser.js:37:38[90m)[39m
    at Socket.<anonymous> [90m(D:\Projects\academix\academix-backend\[39mnode_modules\[4mpg-protocol[24m\dist\index.js:11:42[90m)[39m
[90m    at Socket.emit (node:events:509:28)[39m
[90m    at addChunk (node:internal/streams/readable:563:12)[39m
[90m    at readableAddChunkPushByteMode (node:internal/streams/readable:514:3)[39m
[90m    at Readable.push (node:internal/streams/readable:394:5)[39m
[90m    at TCP.onStreamRead (node:internal/stream_base_commons:189:23)[39m {
  length: [33m94[39m,
  severity: [32m'FATAL'[39m,
  code: [32m'3D000'[39m,
  detail: [90mundefined[39m,
  hint: [90mundefined[39m,
  position: [90mundefined[39m,
  internalPosition: [90mundefined[39m,
  internalQuery: [90mundefined[39m,
  where: [90mundefined[39m,
  schema: [90mundefined[39m,
  table: [90mundefined[39m,
  column: [90mundefined[39m,
  dataType: [90mundefined[39m,
  constraint: [90mundefined[39m,
  file: [32m'postinit.c'[39m,
  line: [32m'1016'[39m,
  routine: [32m'InitPostgres'[39m
}
